============================= test session starts ==============================
platform linux -- Python 3.11.5, pytest-8.1.1, pluggy-1.4.0
rootdir: /volume1/users/rgeens/zigzag
configfile: pyproject.toml
plugins: typeguard-4.2.1
collected 20 items

tests/main/test_origin/test_ascend_like.py ....                          [ 20%]
tests/main/test_origin/test_edge_tpu_like.py ....                        [ 40%]
tests/main/test_origin/test_meta_prototype_like.py ....                  [ 60%]
tests/main/test_origin/test_tesla_npu_like.py ....                       [ 80%]
tests/main/test_origin/test_tpu_like.py ....                             [100%]

======================= 20 passed in 1465.12s (0:24:25) ========================
